交付物：outputs/v3_hybrid_submission_20260827.zip
  sha256 d1ee32aece50c0a9…，13 个文件，内容审计 通过
  解压到 /home/mainsub/Documents/Quant_trade/outputs/delivery_verify/v3_hybrid_submission_20260827
模型身份：manifest=True （8 个文件，来自 /home/mainsub/Documents/Quant_trade/outputs/promotions/v3_hybrid_extended_full_20260824/promotion_manifest.json）
公榜基线偏离：无
[v3_hybrid] lightgbm 不可用，改用纯 numpy 树遍历：ImportError('lightgbm intentionally unavailable (verify_delivery_runtime shim)')
后端 = numpy；model_init = 0.34s；开始全量推理…
总超时闸 = 10,726.9 s（官方公式下限 10,726.9 s）
峰值 RSS = 11.29 GB（上限 12.0 GB，余量线 9.60 GB）
  ✅ zip_audit_passed
  ✅ model_matches_promotion_manifest
  ✅ model_matches_public_baseline
  ✅ peak_rss_under_limit
  ❌ peak_rss_has_headroom
  ✅ backend_as_requested
  ✅ row_count_correct
  ✅ zero_non_finite
  ✅ zero_clip_rows
  ✅ zero_timeouts
  ✅ not_aborted
  ✅ predict_calls_expected
  ✅ model_init_under_limit
  ✅ total_under_budget
  ✅ mean_predict_under_budget
  ✅ no_error_messages

predict_total = 10.30 分钟 （wall 11.12）
判定：FAIL
wrote /home/mainsub/Documents/Quant_trade/outputs/experiments/delivery_zip_numpy_4t_timegates.json
wrote /home/mainsub/Documents/Quant_trade/outputs/experiments/delivery_zip_numpy_4t_timegates.md
